16:05:48 **** Incremental Build of configuration Debug for project lab7_2 ****
make -j8 all 
arm-none-eabi-gcc "../Core/Src/main.c" -mcpu=cortex-m4 -std=gnu11 -g3 -DDEBUG -DSTM32F401xE -DUSE_FULL_LL_DRIVER -DHSE_VALUE=8000000 -DHSE_STARTUP_TIMEOUT=100 -DLSE_STARTUP_TIMEOUT=5000 -DLSE_VALUE=32768 -DEXTERNAL_CLOCK_VALUE=12288000 -DHSI_VALUE=16000000 -DLSI_VALUE=32000 -DVDD_VALUE=3300 -DPREFETCH_ENABLE=1 -DINSTRUCTION_CACHE_ENABLE=1 -DDATA_CACHE_ENABLE=1 -c -I../Core/Inc -I../Drivers/STM32F4xx_HAL_Driver/Inc -I../Drivers/CMSIS/Device/ST/STM32F4xx/Include -I../Drivers/CMSIS/Include -O0 -ffunction-sections -fdata-sections -Wall -fstack-usage -MMD -MP -MF"Core/Src/main.d" -MT"Core/Src/main.o" --specs=nano.specs -mfpu=fpv4-sp-d16 -mfloat-abi=hard -mthumb -o "Core/Src/main.o"
arm-none-eabi-gcc -o "lab7_2.elf" @"objects.list"   -mcpu=cortex-m4 -T"/home/tubbadu/Nextcloud/Polito/ESD/ESD_STM32/lab7_2/STM32F401RETX_FLASH.ld" --specs=nosys.specs -Wl,-Map="lab7_2.map" -Wl,--gc-sections -static --specs=nano.specs -mfpu=fpv4-sp-d16 -mfloat-abi=hard -mthumb -Wl,--start-group -lc -lm -Wl,--end-group
Finished building target: lab7_2.elf
 
arm-none-eabi-size   lab7_2.elf 
arm-none-eabi-objdump -h -S  lab7_2.elf  > "lab7_2.list"
arm-none-eabi-objcopy  -O binary  lab7_2.elf  "lab7_2.bin"
   text	   data	    bss	    dec	    hex	filename
   2876	     12	   1564	   4452	   1164	lab7_2.elf
Finished building: default.size.stdout
 
Finished building: lab7_2.bin
 
Finished building: lab7_2.list
 

16:05:49 Build Finished. 0 errors, 0 warnings. (took 326ms)

