10:19:22 **** Incremental Build of configuration Debug for project lab8_1_1 vero ****
make -j8 all 
arm-none-eabi-gcc "../Core/Src/main.c" -mcpu=cortex-m4 -std=gnu11 -g3 -DDEBUG -DSTM32F401xE -DUSE_FULL_LL_DRIVER -DHSE_VALUE=8000000 -DHSE_STARTUP_TIMEOUT=100 -DLSE_STARTUP_TIMEOUT=5000 -DLSE_VALUE=32768 -DEXTERNAL_CLOCK_VALUE=12288000 -DHSI_VALUE=16000000 -DLSI_VALUE=32000 -DVDD_VALUE=3300 -DPREFETCH_ENABLE=1 -DINSTRUCTION_CACHE_ENABLE=1 -DDATA_CACHE_ENABLE=1 -c -I../Core/Inc -I../Drivers/CMSIS/Include -I../Drivers/STM32F4xx_HAL_Driver/Inc -I../Drivers/CMSIS/Device/ST/STM32F4xx/Include -O0 -ffunction-sections -fdata-sections -Wall -fstack-usage -MMD -MP -MF"Core/Src/main.d" -MT"Core/Src/main.o" --specs=nano.specs -mfpu=fpv4-sp-d16 -mfloat-abi=hard -mthumb -o "Core/Src/main.o"
arm-none-eabi-gcc -o "lab8_1_1 vero.elf" @"objects.list"   -mcpu=cortex-m4 -T"/home/tubbadu/Nextcloud/Polito/ESD/ESD_STM32/lab8_1_1 vero/STM32F401RETX_FLASH.ld" --specs=nosys.specs -Wl,-Map="lab8_1_1 vero.map" -Wl,--gc-sections -static --specs=nano.specs -mfpu=fpv4-sp-d16 -mfloat-abi=hard -mthumb -Wl,--start-group -lc -lm -Wl,--end-group
Finished building target: lab8_1_1 vero.elf
 
arm-none-eabi-size   lab8_1_1\ vero.elf 
arm-none-eabi-objdump -h -S  lab8_1_1\ vero.elf  > "lab8_1_1 vero.list"
arm-none-eabi-objcopy  -O binary  lab8_1_1\ vero.elf  "lab8_1_1 vero.bin"
   text	   data	    bss	    dec	    hex	filename
  12212	    112	   1592	  13916	   365c	lab8_1_1 vero.elf
Finished building: default.size.stdout
 
Finished building: lab8_1_1 vero.bin
 
Finished building: lab8_1_1 vero.list
 

10:19:23 Build Finished. 0 errors, 0 warnings. (took 972ms)

